[    0.000000] Initializing cgroup subsys cpuset
[    0.000000] Initializing cgroup subsys cpu
[    0.000000] Initializing cgroup subsys cpuacct
[    0.000000] Linux version 4.4.0-210-generic (buildd@lgw01-amd64-009) (gcc version 5.4.0 20160609 (Ubuntu 5.4.0-6ubuntu1~16.04.12) ) #242-Ubuntu SMP Fri Apr 16 09:57:56 UTC 2021 (Ubuntu 4.4.0-210.242-generic 4.4.262)
[    0.000000] Command line: BOOT_IMAGE=/boot/vmlinuz-4.4.0-210-generic root=LABEL=cloudimg-rootfs ro console=tty1 console=ttyS0
[    0.000000] KERNEL supported cpus:
[    0.000000]   Intel GenuineIntel
[    0.000000]   AMD AuthenticAMD
[    0.000000]   Centaur CentaurHauls
[    0.000000] x86/fpu: xstate_offset[2]:  576, xstate_sizes[2]:  256
[    0.000000] x86/fpu: Supporting XSAVE feature 0x01: 'x87 floating point registers'
[    0.000000] x86/fpu: Supporting XSAVE feature 0x02: 'SSE registers'
[    0.000000] x86/fpu: Supporting XSAVE feature 0x04: 'AVX registers'
[    0.000000] x86/fpu: Enabled xstate features 0x7, context size is 832 bytes, using 'standard' format.
[    0.000000] e820: BIOS-provided physical RAM map:
[    0.000000] BIOS-e820: [mem 0x0000000000000000-0x000000000009fbff] usable
[    0.000000] BIOS-e820: [mem 0x000000000009fc00-0x000000000009ffff] reserved
[    0.000000] BIOS-e820: [mem 0x00000000000f0000-0x00000000000fffff] reserved
[    0.000000] BIOS-e820: [mem 0x0000000000100000-0x000000003ffeffff] usable
[    0.000000] BIOS-e820: [mem 0x000000003fff0000-0x000000003fffffff] ACPI data
[    0.000000] BIOS-e820: [mem 0x00000000fec00000-0x00000000fec00fff] reserved
[    0.000000] BIOS-e820: [mem 0x00000000fee00000-0x00000000fee00fff] reserved
[    0.000000] BIOS-e820: [mem 0x00000000fffc0000-0x00000000ffffffff] reserved
[    0.000000] NX (Execute Disable) protection: active
[    0.000000] SMBIOS 2.5 present.
[    0.000000] Hypervisor detected: KVM
[    0.000000] e820: last_pfn = 0x3fff0 max_arch_pfn = 0x400000000
[    0.000000] MTRR: Disabled
[    0.000000] x86/PAT: MTRRs disabled, skipping PAT initialization too.
[    0.000000] CPU MTRRs all blank - virtualized system.
[    0.000000] x86/PAT: Configuration [0-7]: WB  WT  UC- UC  WB  WT  UC- UC  
[    0.000000] found SMP MP-table at [mem 0x0009fff0-0x0009ffff] mapped at [ffff88000009fff0]
[    0.000000] Scanning 1 areas for low memory corruption
[    0.000000] RAMDISK: [mem 0x362dc000-0x37165fff]
[    0.000000] ACPI: Early table checksum verification disabled
[    0.000000] ACPI: RSDP 0x00000000000E0000 000024 (v02 VBOX  )
[    0.000000] ACPI: XSDT 0x000000003FFF0030 00003C (v01 VBOX   VBOXXSDT 00000001 ASL  00000061)
[    0.000000] ACPI: FACP 0x000000003FFF00F0 0000F4 (v04 VBOX   VBOXFACP 00000001 ASL  00000061)
[    0.000000] ACPI: DSDT 0x000000003FFF0470 002325 (v02 VBOX   VBOXBIOS 00000002 INTL 20100528)
[    0.000000] ACPI: FACS 0x000000003FFF0200 000040
[    0.000000] ACPI: FACS 0x000000003FFF0200 000040
[    0.000000] ACPI: APIC 0x000000003FFF0240 00005C (v02 VBOX   VBOXAPIC 00000001 ASL  00000061)
[    0.000000] ACPI: SSDT 0x000000003FFF02A0 0001CC (v01 VBOX   VBOXCPUT 00000002 INTL 20100528)
[    0.000000] No NUMA configuration found
[    0.000000] Faking a node at [mem 0x0000000000000000-0x000000003ffeffff]
[    0.000000] NODE_DATA(0) allocated [mem 0x3ffeb000-0x3ffeffff]
[    0.000000] kvm-clock: Using msrs 4b564d01 and 4b564d00
[    0.000000] kvm-clock: cpu 0, msr 0:3ffe3001, primary cpu clock
[    0.000000] kvm-clock: using sched offset of 3415411558 cycles
[    0.000000] clocksource: kvm-clock: mask: 0xffffffffffffffff max_cycles: 0x1cd42e4dffb, max_idle_ns: 881590591483 ns
[    0.000000] Zone ranges:
[    0.000000]   DMA      [mem 0x0000000000001000-0x0000000000ffffff]
[    0.000000]   DMA32    [mem 0x0000000001000000-0x000000003ffeffff]
[    0.000000]   Normal   empty
[    0.000000]   Device   empty
[    0.000000] Movable zone start for each node
[    0.000000] Early memory node ranges
[    0.000000]   node   0: [mem 0x0000000000001000-0x000000000009efff]
[    0.000000]   node   0: [mem 0x0000000000100000-0x000000003ffeffff]
[    0.000000] Initmem setup node 0 [mem 0x0000000000001000-0x000000003ffeffff]
[    0.000000] ACPI: PM-Timer IO Port: 0x4008
[    0.000000] IOAPIC[0]: apic_id 2, version 32, address 0xfec00000, GSI 0-23
[    0.000000] ACPI: INT_SRC_OVR (bus 0 bus_irq 0 global_irq 2 dfl dfl)
[    0.000000] ACPI: INT_SRC_OVR (bus 0 bus_irq 9 global_irq 9 low level)
[    0.000000] Using ACPI (MADT) for SMP configuration information
[    0.000000] smpboot: Allowing 2 CPUs, 0 hotplug CPUs
[    0.000000] PM: Registered nosave memory: [mem 0x00000000-0x00000fff]
[    0.000000] PM: Registered nosave memory: [mem 0x0009f000-0x0009ffff]
[    0.000000] PM: Registered nosave memory: [mem 0x000a0000-0x000effff]
[    0.000000] PM: Registered nosave memory: [mem 0x000f0000-0x000fffff]
[    0.000000] e820: [mem 0x40000000-0xfebfffff] available for PCI devices
[    0.000000] Booting paravirtualized kernel on KVM
[    0.000000] clocksource: refined-jiffies: mask: 0xffffffff max_cycles: 0xffffffff, max_idle_ns: 7645519600211568 ns
[    0.000000] setup_percpu: NR_CPUS:512 nr_cpumask_bits:512 nr_cpu_ids:2 nr_node_ids:1
[    0.000000] PERCPU: Embedded 33 pages/cpu @ffff88003fc00000 s95192 r8192 d31784 u1048576
[    0.000000] Built 1 zonelists in Node order, mobility grouping on.  Total pages: 257912
[    0.000000] Policy zone: DMA32
[    0.000000] Kernel command line: BOOT_IMAGE=/boot/vmlinuz-4.4.0-210-generic root=LABEL=cloudimg-rootfs ro console=tty1 console=ttyS0
[    0.000000] PID hash table entries: 4096 (order: 3, 32768 bytes)
[    0.000000] Memory: 997792K/1048120K available (8644K kernel code, 1332K rwdata, 4044K rodata, 1492K init, 1164K bss, 50328K reserved, 0K cma-reserved)
[    0.000000] SLUB: HWalign=64, Order=0-3, MinObjects=0, CPUs=2, Nodes=1
[    0.000000] Kernel/User page tables isolation: enabled
[    0.000000] Hierarchical RCU implementation.
[    0.000000] 	Build-time adjustment of leaf fanout to 64.
[    0.000000] 	RCU restricting CPUs from NR_CPUS=512 to nr_cpu_ids=2.
[    0.000000] RCU: Adjusting geometry for rcu_fanout_leaf=64, nr_cpu_ids=2
[    0.000000] NR_IRQS:33024 nr_irqs:440 16
[    0.000000] Console: colour VGA+ 80x25
[    0.000000] console [tty1] enabled
[    0.000000] console [ttyS0] enabled
[    0.000000] tsc: Detected 2208.004 MHz processor
[    0.167802] Calibrating delay loop (skipped) preset value.. 4416.00 BogoMIPS (lpj=8832016)
[    0.169727] pid_max: default: 32768 minimum: 301
[    0.170803] ACPI: Core revision 20150930
[    0.173660] ACPI: 2 ACPI AML tables successfully acquired and loaded
[    0.175183] Security Framework initialized
[    0.176141] Yama: becoming mindful.
[    0.177044] AppArmor: AppArmor initialized
[    0.178064] Dentry cache hash table entries: 131072 (order: 8, 1048576 bytes)
[    0.182233] Inode-cache hash table entries: 65536 (order: 7, 524288 bytes)
[    0.183865] Mount-cache hash table entries: 2048 (order: 2, 16384 bytes)
[    0.185256] Mountpoint-cache hash table entries: 2048 (order: 2, 16384 bytes)
[    0.186895] Initializing cgroup subsys io
[    0.187982] Initializing cgroup subsys memory
[    0.188974] Initializing cgroup subsys devices
[    0.190039] Initializing cgroup subsys freezer
[    0.191216] Initializing cgroup subsys net_cls
[    0.192380] Initializing cgroup subsys perf_event
[    0.193634] Initializing cgroup subsys net_prio
[    0.194692] Initializing cgroup subsys hugetlb
[    0.195722] Initializing cgroup subsys pids
[    0.197673] mce: CPU supports 0 MCE banks
[    0.198626] Last level iTLB entries: 4KB 64, 2MB 8, 4MB 8
[    0.199839] Last level dTLB entries: 4KB 64, 2MB 0, 4MB 0, 1GB 4
[    0.201084] Spectre V1 : Mitigation: usercopy/swapgs barriers and __user pointer sanitization
[    0.203012] Spectre V2 : Mitigation: Full generic retpoline
[    0.204371] Spectre V2 : Spectre v2 / SpectreRSB mitigation: Filling RSB on context switch
[    0.206183] Speculative Store Bypass: Vulnerable
[    0.207260] SRBDS: Unknown: Dependent on hypervisor status
[    0.208686] MDS: Mitigation: Clear CPU buffers
[    0.212343] Freeing SMP alternatives memory: 36K
[    0.219422] ftrace: allocating 32380 entries in 127 pages
[    0.281026] smpboot: APIC(0) Converting physical 0 to logical package 0
[    0.282511] smpboot: Max logical packages: 1
[    0.284231] x2apic enabled
[    0.285265] Switched APIC routing to physical x2apic.
[    0.287796] ..TIMER: vector=0x30 apic1=0 pin1=2 apic2=-1 pin2=-1
[    0.397191] smpboot: CPU0: Intel(R) Core(TM) i7-8750H CPU @ 2.20GHz (family: 0x6, model: 0x9e, stepping: 0xa)
[    0.399664] Performance Events: unsupported p6 CPU model 158 no PMU driver, software events only.
[    0.411866] KVM setup paravirtual spinlock
[    0.413466] x86: Booting SMP configuration:
[    0.414473] .... node  #0, CPUs:      #1
[    0.415564] kvm-clock: cpu 1, msr 0:3ffe3041, secondary cpu clock
[    0.417395] mce: CPU supports 0 MCE banks
[    0.419946] x86: Booted up 1 node, 2 CPUs
[    0.421150] smpboot: Total of 2 processors activated (8832.01 BogoMIPS)
[    0.422934] devtmpfs: initialized
[    0.425271] evm: security.selinux
[    0.426127] evm: security.SMACK64
[    0.427394] evm: security.SMACK64EXEC
[    0.428455] evm: security.SMACK64TRANSMUTE
[    0.429370] evm: security.SMACK64MMAP
[    0.430229] evm: security.ima
[    0.430963] evm: security.capability
[    0.432137] clocksource: jiffies: mask: 0xffffffff max_cycles: 0xffffffff, max_idle_ns: 7645041785100000 ns
[    0.434829] futex hash table entries: 512 (order: 3, 32768 bytes)
[    0.436303] pinctrl core: initialized pinctrl subsystem
[    0.437516] RTC time:  9:08:53, date: 10/18/22
[    0.438611] NET: Registered protocol family 16
[    0.451124] cpuidle: using governor ladder
[    0.463673] cpuidle: using governor menu
[    0.464823] PCCT header not found.
[    0.465715] ACPI: bus type PCI registered
[    0.466696] acpiphp: ACPI Hot Plug PCI Controller Driver version: 0.5
[    0.468210] PCI: Using configuration type 1 for base access
[    0.483674] ACPI: Added _OSI(Module Device)
[    0.484725] ACPI: Added _OSI(Processor Device)
[    0.485858] ACPI: Added _OSI(3.0 _SCP Extensions)
[    0.486983] ACPI: Added _OSI(Processor Aggregator Device)
[    0.488751] ACPI: Executed 1 blocks of module-level executable AML code
[    0.492347] ACPI: Interpreter enabled
[    0.493259] ACPI: (supports S0 S5)
[    0.494114] ACPI: Using IOAPIC for interrupt routing
[    0.495328] PCI: Using host bridge windows from ACPI; if necessary, use "pci=nocrs" and report a bug
[    0.501229] ACPI: PCI Root Bridge [PCI0] (domain 0000 [bus 00-ff])
[    0.502512] acpi PNP0A03:00: _OSC: OS supports [ASPM ClockPM Segments MSI]
[    0.504235] acpi PNP0A03:00: _OSC: not requesting OS control; OS requires [ExtendedConfig ASPM ClockPM MSI]
[    0.506412] acpi PNP0A03:00: fail to add MMCONFIG information, can't access extended PCI configuration space under this bridge.
[    0.509252] PCI host bridge to bus 0000:00
[    0.510209] pci_bus 0000:00: root bus resource [io  0x0000-0x0cf7 window]
[    0.511562] pci_bus 0000:00: root bus resource [io  0x0d00-0xffff window]
[    0.512926] pci_bus 0000:00: root bus resource [mem 0x000a0000-0x000bffff window]
[    0.514670] pci_bus 0000:00: root bus resource [mem 0x40000000-0xfdffffff window]
[    0.516375] pci_bus 0000:00: root bus resource [bus 00-ff]
[    0.519310] pci 0000:00:01.1: legacy IDE quirk: reg 0x10: [io  0x01f0-0x01f7]
[    0.520729] pci 0000:00:01.1: legacy IDE quirk: reg 0x14: [io  0x03f6]
[    0.522061] pci 0000:00:01.1: legacy IDE quirk: reg 0x18: [io  0x0170-0x0177]
[    0.535510] pci 0000:00:01.1: legacy IDE quirk: reg 0x1c: [io  0x0376]
[    0.548492] pci 0000:00:07.0: quirk: [io  0x4000-0x403f] claimed by PIIX4 ACPI
[    0.550246] pci 0000:00:07.0: quirk: [io  0x4100-0x410f] claimed by PIIX4 SMB
[    0.555835] ACPI: PCI Interrupt Link [LNKA] (IRQs 5 9 10 *11)
[    0.557662] ACPI: PCI Interrupt Link [LNKB] (IRQs 5 9 *10 11)
[    0.559339] ACPI: PCI Interrupt Link [LNKC] (IRQs 5 *9 10 11)
[    0.561112] ACPI: PCI Interrupt Link [LNKD] (IRQs 5 9 10 *11)
[    0.562794] ACPI: Enabled 2 GPEs in block 00 to 07
[    0.564287] vgaarb: setting as boot device: PCI:0000:00:02.0
[    0.565456] vgaarb: device added: PCI:0000:00:02.0,decodes=io+mem,owns=io+mem,locks=none
[    0.567323] vgaarb: loaded
[    0.568047] vgaarb: bridge control possible 0000:00:02.0
[    0.569917] SCSI subsystem initialized
[    0.570946] ACPI: bus type USB registered
[    0.571930] usbcore: registered new interface driver usbfs
[    0.573088] usbcore: registered new interface driver hub
[    0.574272] usbcore: registered new device driver usb
[    0.578276] PCI: Using ACPI for IRQ routing
[    0.579532] NetLabel: Initializing
[    0.580411] NetLabel:  domain hash size = 128
[    0.581377] NetLabel:  protocols = UNLABELED CIPSOv4
[    0.582433] NetLabel:  unlabeled traffic allowed by default
[    0.583773] amd_nb: Cannot enumerate AMD northbridges
[    0.584912] clocksource: Switched to clocksource kvm-clock
[    0.605255] AppArmor: AppArmor Filesystem Enabled
[    0.606436] pnp: PnP ACPI init
[    0.608248] pnp: PnP ACPI: found 3 devices
[    0.620717] clocksource: acpi_pm: mask: 0xffffff max_cycles: 0xffffff, max_idle_ns: 2085701024 ns
[    0.623049] NET: Registered protocol family 2
[    0.624381] TCP established hash table entries: 8192 (order: 4, 65536 bytes)
[    0.625879] TCP bind hash table entries: 8192 (order: 5, 131072 bytes)
[    0.633173] TCP: Hash tables configured (established 8192 bind 8192)
[    0.634768] UDP hash table entries: 512 (order: 2, 16384 bytes)
[    0.636624] UDP-Lite hash table entries: 512 (order: 2, 16384 bytes)
[    0.638162] NET: Registered protocol family 1
[    0.640458] pci 0000:00:00.0: Limiting direct PCI/PCI transfers
[    0.641827] pci 0000:00:01.0: Activating ISA DMA hang workarounds
[    0.643383] Unpacking initramfs...
[    0.861781] Freeing initrd memory: 14888K
[    0.862924] clocksource: tsc: mask: 0xffffffffffffffff max_cycles: 0x1fd3bc108c2, max_idle_ns: 440795311349 ns
[    0.865185] platform rtc_cmos: registered platform RTC device (no PNP device found)
[    0.867545] Scanning for low memory corruption every 60 seconds
[    0.869641] audit: initializing netlink subsys (disabled)
[    0.870915] audit: type=2000 audit(1666084139.068:1): initialized
[    0.872683] Initialise system trusted keyring
[    0.874284] HugeTLB registered 2 MB page size, pre-allocated 0 pages
[    0.877268] zbud: loaded
[    0.879029] VFS: Disk quotas dquot_6.6.0
[    0.880670] VFS: Dquot-cache hash table entries: 512 (order 0, 4096 bytes)
[    0.882300] squashfs: version 4.0 (2009/01/31) Phillip Lougher
[    0.883840] fuse init (API version 7.23)
[    0.885259] Key type big_key registered
[    0.886763] Allocating IMA MOK and blacklist keyrings.
[    0.888694] Key type asymmetric registered
[    0.889750] Asymmetric key parser 'x509' registered
[    0.890917] Block layer SCSI generic (bsg) driver version 0.4 loaded (major 249)
[    0.892858] io scheduler noop registered
[    0.893854] io scheduler deadline registered (default)
[    0.895382] io scheduler cfq registered
[    0.896404] pci_hotplug: PCI Hot Plug PCI Core version: 0.5
[    0.897693] pciehp: PCI Express Hot Plug Controller Driver version: 0.4
[    0.899121] ACPI: AC Adapter [AC] (on-line)
[    0.900150] input: Power Button as /devices/LNXSYSTM:00/LNXPWRBN:00/input/input0
[    0.901947] ACPI: Power Button [PWRF]
[    0.902948] input: Sleep Button as /devices/LNXSYSTM:00/LNXSLPBN:00/input/input1
[    0.904769] ACPI: Sleep Button [SLPF]
[    0.906135] GHES: HEST is not enabled!
[    0.906787] ACPI: Battery Slot [BAT0] (battery present)
[    0.908835] Serial: 8250/16550 driver, 32 ports, IRQ sharing enabled
[    0.934276] 00:02: ttyS0 at I/O 0x3f8 (irq = 4, base_baud = 115200) is a 16550A
[    0.939082] Linux agpgart interface v0.103
[    0.941580] loop: module loaded
[    0.942831] scsi host0: ata_piix
[    0.943984] scsi host1: ata_piix
[    0.944828] ata1: PATA max UDMA/33 cmd 0x1f0 ctl 0x3f6 bmdma 0xd000 irq 14
[    0.946262] ata2: PATA max UDMA/33 cmd 0x170 ctl 0x376 bmdma 0xd008 irq 15
[    0.947873] libphy: Fixed MDIO Bus: probed
[    0.948910] tun: Universal TUN/TAP device driver, 1.6
[    0.950179] tun: (C) 1999-2004 Max Krasnyansky <maxk@qualcomm.com>
[    0.951606] PPP generic driver version 2.4.2
[    0.952754] ehci_hcd: USB 2.0 'Enhanced' Host Controller (EHCI) Driver
[    0.954160] ehci-pci: EHCI PCI platform driver
[    0.955665] ehci-platform: EHCI generic platform driver
[    0.960131] ohci_hcd: USB 1.1 'Open' Host Controller (OHCI) Driver
[    0.961663] ohci-pci: OHCI PCI platform driver
[    0.962889] ohci-platform: OHCI generic platform driver
[    0.964130] uhci_hcd: USB Universal Host Controller Interface driver
[    0.965550] i8042: PNP: PS/2 Controller [PNP0303:PS2K,PNP0f03:PS2M] at 0x60,0x64 irq 1,12
[    0.968076] serio: i8042 KBD port at 0x60,0x64 irq 1
[    0.969337] serio: i8042 AUX port at 0x60,0x64 irq 12
[    0.970837] mousedev: PS/2 mouse device common for all mice
[    0.972474] input: AT Translated Set 2 keyboard as /devices/platform/i8042/serio0/input/input2
[    0.977016] rtc_cmos rtc_cmos: rtc core: registered rtc_cmos as rtc0
[    0.978375] rtc_cmos rtc_cmos: alarms up to one day, 114 bytes nvram
[    0.979804] i2c /dev entries driver
[    0.981556] device-mapper: uevent: version 1.0.3
[    0.982808] device-mapper: ioctl: 4.34.0-ioctl (2015-10-28) initialised: dm-devel@redhat.com
[    0.984893] ledtrig-cpu: registered to indicate activity on CPUs
[    0.986694] NET: Registered protocol family 10
[    0.987916] NET: Registered protocol family 17
[    0.988934] Key type dns_resolver registered
[    0.990756] registered taskstats version 1
[    0.991719] Loading compiled-in X.509 certificates
[    0.993473] Loaded X.509 cert 'Build time autogenerated kernel key: cf00e047681d67edb2720680708b7d9498083038'
[    0.995803] zswap: loaded using pool lzo/zbud
[    0.998538] Key type trusted registered
[    1.002413] Key type encrypted registered
[    1.003559] AppArmor: AppArmor sha1 policy hashing enabled
[    1.004786] ima: No TPM chip found, activating TPM-bypass!
[    1.005999] ima: Allocated hash algorithm: sha1
[    1.007202] evm: HMAC attrs: 0x1
[    1.008783]   Magic number: 10:395:121
[    1.010027] rtc_cmos rtc_cmos: setting system clock to 2022-10-18 09:08:54 UTC (1666084134)
[    1.012646] BIOS EDD facility v0.16 2004-Jun-25, 0 devices found
[    1.014532] EDD information not available.
[    1.126414] Freeing unused kernel memory: 1492K
[    1.129799] Write protecting the kernel read-only data: 14336k
[    1.132087] Freeing unused kernel memory: 1584K
[    1.133406] Freeing unused kernel memory: 52K
Loading, please wait...
starting version 229
[    1.147546] random: systemd-udevd: uninitialized urandom read (16 bytes read, 3 bits of entropy available)
[    1.148094] random: udevadm: uninitialized urandom read (16 bytes read, 3 bits of entropy available)
[    1.148110] random: udevadm: uninitialized urandom read (16 bytes read, 3 bits of entropy available)
[    1.153928] random: systemd-udevd: uninitialized urandom read (16 bytes read, 3 bits of entropy available)
[    1.156034] random: systemd-udevd: uninitialized urandom read (16 bytes read, 3 bits of entropy available)
[    1.156092] random: udevadm: uninitialized urandom read (16 bytes read, 3 bits of entropy available)
[    1.156129] random: udevadm: uninitialized urandom read (16 bytes read, 3 bits of entropy available)
[    1.156254] random: udevadm: uninitialized urandom read (16 bytes read, 3 bits of entropy available)
[    1.156299] random: udevadm: uninitialized urandom read (16 bytes read, 3 bits of entropy available)
[    1.156345] random: udevadm: uninitialized urandom read (16 bytes read, 3 bits of entropy available)
[    1.194360] e1000: Intel(R) PRO/1000 Network Driver - version 7.3.21-k8-NAPI
[    1.195960] e1000: Copyright (c) 1999-2006 Intel Corporation.
[    1.197379] Fusion MPT base driver 3.04.20
[    1.198359] Copyright (c) 1999-2008 LSI Corporation
[    1.203366] Fusion MPT SPI Host driver 3.04.20
[    1.220304] AVX2 version of gcm_enc/dec engaged.
[    1.229554] AES CTR mode by8 optimization enabled
[    1.406887] input: ImExPS/2 Generic Explorer Mouse as /devices/platform/i8042/serio1/input/input4
[    1.594770] e1000 0000:00:03.0 eth0: (PCI:33MHz:32-bit) 02:be:82:6b:cc:1d
[    1.596233] e1000 0000:00:03.0 eth0: Intel(R) PRO/1000 Network Connection
[    1.598423] mptbase: ioc0: Initiating bringup
[    1.598951] e1000 0000:00:03.0 enp0s3: renamed from eth0
[    1.661785] ioc0: LSI53C1030 A0: Capabilities={Initiator}
[    1.823843] scsi host2: ioc0: LSI53C1030 A0, FwRev=00000000h, Ports=1, MaxQ=256, IRQ=20
[    1.942067] scsi 2:0:0:0: Direct-Access     VBOX     HARDDISK         1.0  PQ: 0 ANSI: 5
[    1.944059] scsi target2:0:0: Beginning Domain Validation
[    1.947157] scsi target2:0:0: Domain Validation skipping write tests
[    1.948511] scsi target2:0:0: Ending Domain Validation
[    1.949692] scsi target2:0:0: asynchronous
[    1.951240] scsi 2:0:1:0: Direct-Access     VBOX     HARDDISK         1.0  PQ: 0 ANSI: 5
[    1.953212] scsi target2:0:1: Beginning Domain Validation
[    1.956296] scsi target2:0:1: Domain Validation skipping write tests
[    1.957874] scsi target2:0:1: Ending Domain Validation
[    1.970877] scsi target2:0:1: asynchronous
[    1.979689] sd 2:0:0:0: [sda] 83886080 512-byte logical blocks: (42.9 GB/40.0 GiB)
[    1.979813] sd 2:0:0:0: Attached scsi generic sg0 type 0
[    1.980358] sd 2:0:1:0: Attached scsi generic sg1 type 0
[    1.980507] sd 2:0:1:0: [sdb] 20480 512-byte logical blocks: (10.5 MB/10.0 MiB)
[    1.980791] sd 2:0:1:0: [sdb] Write Protect is off
[    1.980977] sd 2:0:1:0: [sdb] Incomplete mode parameter data
[    1.980978] sd 2:0:1:0: [sdb] Assuming drive cache: write through
[    1.983227] sd 2:0:1:0: [sdb] Attached SCSI disk
[    1.991131] sd 2:0:0:0: [sda] Write Protect is off
[    1.992533] sd 2:0:0:0: [sda] Incomplete mode parameter data
[    1.993842] sd 2:0:0:0: [sda] Assuming drive cache: write through
[    1.996633]  sda: sda1
[    1.998137] sd 2:0:0:0: [sda] Attached SCSI disk
Begin: Loading essential drivers ... [    3.437272] md: linear personality registered for level -1
[    3.442089] md: multipath personality registered for level -4
[    3.448083] md: raid0 personality registered for level 0
[    3.452651] md: raid1 personality registered for level 1
[    3.524926] raid6: sse2x1   gen() 11649 MB/s
[    3.592976] raid6: sse2x1   xor()  9885 MB/s
[    3.661002] raid6: sse2x2   gen() 16214 MB/s
[    3.728934] raid6: sse2x2   xor() 11302 MB/s
[    3.796989] raid6: sse2x4   gen() 17858 MB/s
[    3.864987] raid6: sse2x4   xor() 10844 MB/s
[    3.932981] raid6: avx2x1   gen() 26361 MB/s
[    4.000993] raid6: avx2x2   gen() 29441 MB/s
[    4.068996] raid6: avx2x4   gen() 31102 MB/s
[    4.070029] raid6: using algorithm avx2x4 gen() 31102 MB/s
[    4.071243] raid6: using avx2x2 recovery algorithm
[    4.073257] xor: automatically using best checksumming function:
[    4.113001]    avx       : 27982.000 MB/sec
[    4.115588] async_tx: api initialized (async)
[    4.124001] md: raid6 personality registered for level 6
[    4.125326] md: raid5 personality registered for level 5
[    4.126608] md: raid4 personality registered for level 4
[    4.133182] md: raid10 personality registered for level 10
done.
Begin: Running /scripts/init-premount ... done.
Begin: Mounting root file system ... Begin: Running /scripts/local-top ... done.
Begin: Running /scripts/local-premount ... [    4.172354] Btrfs loaded
Scanning for Btrfs filesystems
done.
Warning: fsck not present, so skipping root file system
[    4.211245] EXT4-fs (sda1): mounted filesystem with ordered data mode. Opts: (null)
done.
Begin: Running /scripts/local-bottom ... done.
Begin: Running /scripts/init-bottom ... done.
[    4.311462] systemd[1]: systemd 229 running in system mode. (+PAM +AUDIT +SELINUX +IMA +APPARMOR +SMACK +SYSVINIT +UTMP +LIBCRYPTSETUP +GCRYPT +GNUTLS +ACL +XZ -LZ4 +SECCOMP +BLKID +ELFUTILS +KMOD -IDN)
[    4.315058] systemd[1]: Detected virtualization oracle.
[    4.316194] systemd[1]: Detected architecture x86-64.

Welcome to [1mUbuntu 16.04.7 LTS[0m!

[    4.320635] systemd[1]: Set hostname to <ubuntu>.
[    4.324025] systemd[1]: Initializing machine ID from random generator.
[    4.325487] systemd[1]: Installed transient /etc/machine-id file.
[    4.476041] systemd[1]: Listening on Device-mapper event daemon FIFOs.
[[0;32m  OK  [0m] Listening on Device-mapper event daemon FIFOs.
[    4.478307] systemd[1]: Listening on LVM2 metadata daemon socket.
[[0;32m  OK  [0m] Listening on LVM2 metadata daemon socket.
[    4.480354] systemd[1]: Listening on /dev/initctl Compatibility Named Pipe.
[[0;32m  OK  [0m] Listening on /dev/initctl Compatibility Named Pipe.
[    4.482741] systemd[1]: Listening on Journal Socket.
[[0;32m  OK  [0m] Listening on Journal Socket.
[    4.484674] systemd[1]: Listening on Journal Socket (/dev/log).
[[0;32m  OK  [0m] Listening on Journal Socket (/dev/log).
[    4.493169] systemd[1]: Started Trigger resolvconf update for networkd DNS.
[[0;32m  OK  [0m] Started Trigger resolvconf update for networkd DNS.
[    4.501187] systemd[1]: Reached target Encrypted Volumes.
[[0;32m  OK  [0m] Reached target Encrypted Volumes.
[    4.503234] systemd[1]: Listening on Syslog Socket.
[[0;32m  OK  [0m] Listening on Syslog Socket.
[    4.505013] systemd[1]: Listening on fsck to fsckd communication Socket.
[[0;32m  OK  [0m] Listening on fsck to fsckd communication Socket.
[    4.513646] systemd[1]: Listening on udev Kernel Socket.
[[0;32m  OK  [0m] Listening on udev Kernel Socket.
[    4.515743] systemd[1]: Listening on LVM2 poll daemon socket.
[[0;32m  OK  [0m] Listening on LVM2 poll daemon socket.
[    4.525650] systemd[1]: Set up automount Arbitrary Executable File Formats File System Automount Point.
[[0;32m  OK  [0m] Set up automount Arbitrary Executab...ats File System Automount Point.
[    4.533592] systemd[1]: Created slice User and Session Slice.
[[0;32m  OK  [0m] Created slice User and Session Slice.
[    4.542054] systemd[1]: Reached target Swap.
[[0;32m  OK  [0m] Reached target Swap.
[    4.543735] systemd[1]: Listening on udev Control Socket.
[[0;32m  OK  [0m] Listening on udev Control Socket.
[    4.545733] systemd[1]: Reached target User and Group Name Lookups.
[[0;32m  OK  [0m] Reached target User and Group Name Lookups.
[    4.548032] systemd[1]: Reached target System Time Synchronized.
[[0;32m  OK  [0m] Reached target System Time Synchronized.
[    4.557855] systemd[1]: Started Forward Password Requests to Wall Directory Watch.
[[0;32m  OK  [0m] Started Forward Password Requests to Wall Directory Watch.
[    4.560923] systemd[1]: Created slice System Slice.
[[0;32m  OK  [0m] Created slice System Slice.
[    4.573326] systemd[1]: Starting Set console keymap...
         Starting Set console keymap...
[    4.575953] systemd[1]: Starting Nameserver information manager...
         Starting Nameserver information manager...
[    4.580220] systemd[1]: Mounting POSIX Message Queue File System...
         Mounting POSIX Message Queue File System...
[    4.584481] systemd[1]: Starting Create list of required static device nodes for the current kernel...
         Starting Create list of required st... nodes for the current kernel...
[    4.588468] systemd[1]: Starting Uncomplicated firewall...
         Starting Uncomplicated firewall...
[    4.592534] systemd[1]: Starting Load Kernel Modules...
         Starting Load Kernel Modules...
[    4.599946] Loading iSCSI transport class v2.0-870.
[    4.601943] systemd[1]: Mounting Huge Pages File System...
         Mounting Huge Pages File System...
[    4.608834] iscsi: registered transport (tcp)
[    4.610114] systemd[1]: Created slice system-serial\x2dgetty.slice.
[[0;32m  OK  [0m] Created slice system-serial\x2dgetty.slice.
[    4.614481] systemd[1]: Starting File System Check on Root Device...
         Starting File System Check on Root Device...
[    4.618089] systemd[1]: Mounting Debug File System...
         Mounting Debug File System...
[    4.629828] systemd[1]: Starting Monitoring of LVM2 mirrors, snapshots etc. using dmeventd or progress polling...
         Starting Monitoring of LVM2 mirrors... dmeventd or progress polling...
[    4.635756] systemd[1]: Reached target Slices.
[[0;32m  OK  [0m] Reached target Slices.
[    4.637794] systemd[1]: Listening on Journal Audit Socket.
[[0;32m  OK  [0m] Listening on Journal Audit Socket.
[    4.640682] systemd[1]: Starting Journal Service...
         Starting Journal Service...
[    4.647406] systemd[1]: Mounted Huge Pages File System.
[[0;32m  OK  [0m] Mounted Huge Pages File System.
[    4.649639] systemd[1]: Mounted POSIX Message Queue File System.
[[0;32m  OK  [0m] Mounted POSIX Message Queue File System.
[    4.651901] systemd[1]: Mounted Debug File System.
[[0;32m  OK  [0m] Mounted Debug File System.
[    4.655290] systemd[1]: Started Create list of required static device nodes for the current kernel.
[[0;32m  OK  [0m] Started Create list of required sta...ce nodes for the current kernel.
[    4.660832] systemd[1]: Started Uncomplicated firewall.
[[0;32m  OK  [0m] Started Uncomplicated firewall.
[    4.665164] systemd[1]: Started File System Check on Root Device.
[[0;32m  OK  [0m] Started File System Check on Root Device.
[    4.667642] systemd[1]: Started Nameserver information manager.
[[0;32m  OK  [0m] Started Nameserver information manager.
[    4.681093] systemd[1]: Started File System Check Daemon to report status.
[[0;32m  OK  [0m] Started File System Check Daemon to report status.
[    4.684510] systemd[1]: Starting Remount Root and Kernel File Systems...
         Starting Remount Root and Kernel File Systems...
[    4.688786] systemd[1]: Starting Create Static Device Nodes in /dev...
         Starting Create Static Device Nodes in /dev...
[    4.691211] systemd[1]: Started Journal Service.
[    4.692170] EXT4-fs (sda1): re-mounted. Opts: (null)
[[0;32m  OK  [0m] Started Journal Service.
[[0;32m  OK  [0m] Started Remount Root and Kernel File Systems.
[[0;32m  OK  [0m] Started Set console keymap.
[    4.699914] iscsi: registered transport (iser)
[[0;32m  OK  [0m] Started Load Kernel Modules.
[[0;32m  OK  [0m] Started LVM2 metadata daemon.
         Starting Apply Kernel Variables...
         Mounting FUSE Control File System...
         Starting udev Coldplug all Devices...
         Starting Load/Save Random Seed...
         Starting Flush Journal to Persistent Storage...
[[0;32m  OK  [0m] Mounted FUSE Control File System.
[[0;32m  OK  [0m] Started Create Static Device Nodes in /dev.
         Starting udev Kernel Device Manager...
[[0;32m  OK  [0m] Started Load/Save Random Seed.
[[0;32m  OK  [0m] Started Apply Kernel Variables.
[[0;32m  OK  [0m] Started Flush Journal to Persistent Storage.
[[0;32m  OK  [0m] Started udev Kernel Device Manager.
[[0;32m  OK  [0m] Started udev Coldplug all Devices.
[[0;32m  OK  [0m] Started Dispatch Password Requests to Console Directory Watch.
[[0;32m  OK  [0m] Started Monitoring of LVM2 mirrors,...ng dmeventd or progress polling.
[[0;32m  OK  [0m] Reached target Local File Systems (Pre).
[[0;32m  OK  [0m] Reached target Local File Systems.
         Starting Create Volatile Files and Directories...
         Starting Commit a transient machine-id on disk...
         Starting Tell Plymouth To Write Out Runtime Data...
         Starting LSB: AppArmor initialization...
         Starting Set console font and keymap...
         Starting Initial cloud-init job (pre-networking)...
[[0;32m  OK  [0m] Started Create Volatile Files and Directories.
[[0;32m  OK  [0m] Started Tell Plymouth To Write Out Runtime Data.
[[0;32m  OK  [0m] Found device /dev/ttyS0.
         Starting Update UTMP about System Boot/Shutdown...
[[0;32m  OK  [0m] Started Commit a transient machine-id on disk.
[[0;32m  OK  [0m] Started Update UTMP about System Boot/Shutdown.
[[0;32m  OK  [0m] Listening on Load/Save RF Kill Switch Status /dev/rfkill Watch.
[[0;32m  OK  [0m] Started Initial cloud-init job (pre-networking).
[[0;32m  OK  [0m] Reached target Network (Pre).
[    6.223366] cloud-init[509]: Cloud-init v. 21.1-19-gbad84ad4-0ubuntu1~16.04.2 running 'init-local' at Tue, 18 Oct 2022 09:08:59 +0000. Up 5.67 seconds.
[[0;32m  OK  [0m] Started LSB: AppArmor initialization.
         Starting Raise network interfaces...
         Starting Load AppArmor profiles managed internally by snapd...
[[0;32m  OK  [0m] Started Load AppArmor profiles managed internally by snapd.
[[0;32m  OK  [0m] Started Set console font and keymap.
[[0;32m  OK  [0m] Created slice system-getty.slice.
[[0;32m  OK  [0m] Started Raise network interfaces.
         Starting Initial cloud-init job (metadata service crawler)...
[[0;32m  OK  [0m] Reached target Network.
[    7.901438] cloud-init[948]: Cloud-init v. 21.1-19-gbad84ad4-0ubuntu1~16.04.2 running 'init' at Tue, 18 Oct 2022 09:09:00 +0000. Up 7.23 seconds.
[    7.902822] cloud-init[948]: ci-info: ++++++++++++++++++++++++++++++++++++++Net device info++++++++++++++++++++++++++++++++++++++
[    7.912317] cloud-init[948]: ci-info: +--------+------+----------------------------+---------------+--------+-------------------+
[    7.924383] cloud-init[948]: ci-info: | Device |  Up  |          Address           |      Mask     | Scope  |     Hw-Address    |
[    7.936361] cloud-init[948]: ci-info: +--------+------+----------------------------+---------------+--------+-------------------+
[    7.948352] cloud-init[948]: ci-info: | enp0s3 | True |         10.0.2.15          | 255.255.255.0 | global | 02:be:82:6b:cc:1d |
[[0;32m  OK  [0m] Started Initial cloud-init job (metadata service crawler).
[    7.948562] cloud-init[948]: ci-info: | enp0s3 | True | fe80::be:82ff:fe6b:cc1d/64 |       .       |  link  | 02:be:82:6b:cc:1d |
[    7.951361] cloud-init[948]: ci-info: |   lo   | True |         127.0.0.1          |   255.0.0.0   |  host  |         .         |
[    7.951610] [cloud-init[0;32m  OK  [0m[948]: ] ci-info: |   lo   | True |          ::1/128           |       .       |  host  |         .         |Reached target Cloud-config availability.

[[    7.951694] [0;32m  OK  [0mcloud-init] [948]: Reached target System Initialization.ci-info: +--------+------+----------------------------+---------------+--------+-------------------+

[    7.964883] cloud-init[948]: ci-info: +++++++++++++++++++++++++++Route IPv4 info++++++++++++++++++++++++++++
[    7.965099] cloud-init[[948]: [0;32m  OK  [0mci-info: +-------+-------------+----------+---------------+-----------+-------+] 
Listening on UUID daemon activation socket.
[    7.965140] cloud-init[948]: ci-info: | Route | Destination | Gateway  |    Genmask    | Interface | Flags |
[    7.965359] cloud-init[948]: ci-info: +-------+-------------+----------+---------------+-----------+-------+
[    7.965589] cloud-init[948]: ci-info: |   0   |   0.0.0.0   | 10.0.2.2 |    0.0.0.0    |   enp0s3  |   UG  |
[    7.965941] cloud-init[948]: ci-info: |   1   |   10.0.2.0  | 0.0.0.0  | 255.255.255.0 |   enp0s3  |   U   |
[    7.966161] cloud-init[948]: ci-info: +-------+-------------+----------+---------------+-----------+-------+
[    7.966385] cloud-init[948]: ci-info: +++++++++++++++++++Route IPv6 info+++++++++++++++++++
[    7.966599] cloud-init[948]: ci-info: +-------+-------------+---------+-----------+-------+
[[    7.966706] cloud-init[0;32m  OK  [0m[948]: ] ci-info: | Route | Destination | Gateway | Interface | Flags |Started Message of the Day.

[[    8.166451] [0;32m  OK  [0mcloud-init] [948]: Listening on ACPID Listen Socket.ci-info: +-------+-------------+---------+-----------+-------+

[    8.169030] cloud-init[948]: ci-info: |   0   |  fe80::/64  |    ::   |   enp0s3  |   U   |
[    8.169968] cloud-init[948]: ci-info: |   3   |   ff00::/8  |    ::   |   enp0s3  |   U   |
[    8.180674] cloud-init[948]: ci-info: +-------+-------------+---------+-----------+-------+
[[0;32m  OK  [0m] Started ACPI Events Check.
[[    8.180910] [0;32m  OK  [0mcloud-init] [948]: Reached target Paths.Generating public/private rsa key pair.

[    8.182255] [cloud-init[0;32m  OK  [0m[948]: ] Your identification has been saved in /etc/ssh/ssh_host_rsa_key.Started Daily apt download activities.

         Starting Socket activation for snappy daemon.
[    8.183420] cloud-init[948]: Your public key has been saved in /etc/ssh/ssh_host_rsa_key.pub.
[    8.186397] cloud-init[948]: The key fingerprint is:
[    8.186609] [cloud-init[0;32m  OK  [0m[948]: ] SHA256:2ypAyA+SMjzAPVpkH5+MPfEMwdQbEGME7hDp8VuhjJA root@ubuntu-xenialStarted Daily Cleanup of Temporary Directories.

[    8.186654] cloud-init[948]: The key's randomart image is:
[    8.186897] cloud-init[948]: +---[RSA 2048]----+
[    8.187100] cloud-init[948]: |. ++.o=@=        |
[    8.189259] [cloud-init[0;32m  OK  [0m[948]: ] |.E.*+ BoBo       |
[    8.189307] cloud-init[948]: |oo=o*+.*.oo      |
[    8.189552] cloud-init[948]: |=++o++ ...       |
[    8.189774] cloud-init[948]: |.o.+ .o S        |
[    8.189984] cloud-init[948]: |    o.   o       |
Started Daily apt upgrade and clean activities.
[    8.190324] cloud-init[948]: |     .  . .      |
[    8.201196] cloud-init[948]: |      .  .       |
[    8.201426] cloud-init[948]: |       ..        |
         Starting LXD - unix socket.
[    8.201475] cloud-init[948]: +----[SHA256]-----+
[[0;32m  OK  [0m] Listening on D-Bus System Message Bus Socket.
[    8.202633] cloud-init[948]: Generating public/private dsa key pair.
[    8.208973] cloud-init[948]: Your identification has been saved in /etc/ssh/ssh_host_dsa_key.
[    8.209182] cloud-init[[948]: [0;32m  OK  [0mYour public key has been saved in /etc/ssh/ssh_host_dsa_key.pub.] 
Started Ubuntu Advantage update messaging.
[[0;32m  OK  [0m] Reached target Timers.
[    8.209229] cloud-init[948]: The key fingerprint is:
[[0;32m  OK  [0m] Reached target Network is Online.
[    8.211958] cloud-init[948]: SHA256:hJ8o1kNmKLMN2yllzvpZAgsNTQLLpeKLdHgbsZ9HXZg root@ubuntu-xenial
[    8.220848] cloud-init[948]: The key's randomart image is:
[    8.229432] cloud-init[948]: +---[DSA 1024]----+
         Starting iSCSI initiator daemon (iscsid)...
[    8.229705] cloud-init[948]: |+ ..             |
[    8.231291] cloud-init[948]: |.=o  . .  o      |
[[0;32m  OK  [0m] Listening on Socket activation for snappy daemon.
[    8.231330] cloud-init[948]: |+o=.+ = .E .     |
[    8.233337] cloud-init[948]: |oo.&o* +...      |
[    8.233375] cloud-init[948]: |.+*=O +.S.       |
[    8.233733] cloud-init[948]: |o.+*+.o.         |
[    8.233950] cloud-init[948]: |..o..o..         |
[    8.234183] cloud-init[948]: |   . +.          |
[    8.234419] cloud-init[948]: |    o            |
[[0;32m  OK  [0m] Listening on LXD - unix socket.
[[0;32m  OK  [0m] Reached target Sockets.
[[0;32m  OK  [0m] Reached target Basic System.
[[0;32m  OK  [0m] Started Deferred execution scheduler.
[[0;32m  OK  [0m] Started D-Bus System Message Bus.
[    8.234453] cloud-init[948]: +----[SHA256]-----+
[    8.247811] cloud-init[948]: Generating public/private ecdsa key pair.
[    8.248755] cloud-init[948]: Your identification has been saved in /etc/ssh/ssh_host_ecdsa_key.
[    8.249763] cloud-init[948]: Your public key has been saved in /etc/ssh/ssh_host_ecdsa_key.pub.
[    8.250898] cloud-init[948]: The key fingerprint is:
[    8.251904] cloud-init[948]: SHA256:0qP98+K31WjxX5GN2cZmNTvmY12tae9ye1V+Fz/BQVY root@ubuntu-xenial
[    8.260361] cloud-init[948]: The key's randomart image is:
[    8.261059] cloud-init[948]: +---[ECDSA 256]---+
[    8.261710] cloud-init[948]: |              .oE|
[    8.262382] cloud-init[948]: |              .. |
[    8.263035] cloud-init[948]: |              ..o|
[    8.268246] cloud-init[948]: |       .       OO|
[    8.280894] cloud-init[948]: |      . S     +B#|
[    8.281573] cloud-init[948]: |       + .    o%@|
[    8.282196] cloud-init[948]: |      . .     B+X|
[    8.282749] cloud-init[948]: |         .o .+o.*|
[    8.288786] cloud-init[948]: |         .o=o. =*|
[    8.296316] cloud-init[948]: +----[SHA256]-----+
[    8.297145] cloud-init[948]: Generating public/private ed25519 key pair.
[    8.298211] cloud-init[948]: Your identification has been saved in /etc/ssh/ssh_host_ed25519_key.
[    8.304238] cloud-init[948]: Your public key has been saved in /etc/ssh/ssh_host_ed25519_key.pub.
[    8.306237] cloud-init[948]: The key fingerprint is:
[    8.306920] cloud-init[948]: SHA256:jX2b4C+QgjW2N1KHda/iK7lO3JmmGuw/irYz99AwFfo root@ubuntu-xenial
[    8.312190] cloud-init[948]: The key's randomart image is:
[    8.312968] cloud-init[948]: +--[ED25519 256]--+
[    8.313726] cloud-init[948]: |        .        |
[    8.314333] cloud-init[948]: |       . .. .    |
[    8.314929] cloud-init[948]: |      . .o . .   |
[    8.315719] cloud-init[948]: |      +oo+.   .  |
[    8.316439] cloud-init[948]: |     +o+Eo+ ..   |
[    8.324894]          cloud-initStarting Pollinate to seed the pseudo random number generator...[948]: 
|    ..+==o.=.o   |
         Starting System Logging Service...
         Starting Login Service...
[    8.326722] cloud-init[948]: |      +++=*.o    |
         Starting Accounts Service...
[    8.334874] cloud-init[948]: |    +o.++oo.     |
[[0;32m  OK  [0m] Started ACPI event daemon.
[    8.338406]          Starting LSB: Record successful boot for GRUB...
[[0;32m  OK  [0m] Started Regular background program processing daemon.
[[0;32m  OK  [0m] Started FUSE filesystem for LXC.
         Starting LSB: MD monitoring daemon...
cloud-init[948]: |   .o=+**+.o.    |         Starting /etc/rc.local Compatibility...
         Starting Virtualbox guest utils...
         Starting LXD - container startup/shutdown...

[    8.357136]          cloud-initStarting Snap Daemon...[948]: 
+----[SHA256]-----+
[[0;32m  OK  [0m] Started /etc/rc.local Compatibility.
[[0;32m  OK  [0m] Started iSCSI initiator daemon (iscsid).
[[0;32m  OK  [0m] Started System Logging Service.
[[0;32m  OK  [0m] Started Login Service.
[[0;32m  OK  [0m] Started Unattended Upgrades Shutdown.
         Starting Login to default iSCSI targets...
[[0;32m  OK  [0m] Started LSB: MD monitoring daemon.
[[0;32m  OK  [0m] Started LSB: Record successful boot for GRUB.
[[0;32m  OK  [0m] Started Login to default iSCSI targets.
[[0;32m  OK  [0m] Reached target Remote File Systems (Pre).
[[0;32m  OK  [0m] Reached target Remote File Systems.
         Starting LSB: Set the CPU Frequency Scaling governor to "ondemand"...
         Starting Permit User Sessions...
         Starting LSB: daemon to balance interrupts for SMP systems...
         Starting LSB: automatic crash report generation...
         Starting Authenticate and Authorize Users to Run Privileged Tasks...
[[0;32m  OK  [0m] Started Permit User Sessions.
[[0;32m  OK  [0m] Started Virtualbox guest utils.
         Starting Terminate Plymouth Boot Screen...
         Starting Hold until boot process finishes up...
[[0;32m  OK  [0m] Started Hold until boot process finishes up.
[[0;32m  OK  [0m] Started Serial Getty on ttyS0.
         Starting Set console scheme...
[[0;32m  OK  [0m] Started Getty on tty1.
[[0;32m  OK  [0m] Reached target Login Prompts.
[[0;32m  OK  [0m] Started Terminate Plymouth Boot Screen.
[[0;32m  OK  [0m] Started LSB: Set the CPU Frequency Scaling governor to "ondemand".
[[0;32m  OK  [0m] Started Set console scheme.
[[0;32m  OK  [0m] Started LXD - container startup/shutdown.
[[0;32m  OK  [0m] Started LSB: automatic crash report generation.
[[0;32m  OK  [0m] Started LSB: daemon to balance interrupts for SMP systems.
[[0;32m  OK  [0m] Started Authenticate and Authorize Users to Run Privileged Tasks.
[[0;32m  OK  [0m] Started Accounts Service.
[[0;32m  OK  [0m] Started Snap Daemon.
         Starting Wait until snapd is fully seeded...
[[0;32m  OK  [0m] Started Pollinate to seed the pseudo random number generator.
         Starting OpenBSD Secure Shell server...
[[0;32m  OK  [0m] Started OpenBSD Secure Shell server.
[[0;32m  OK  [0m] Started Wait until snapd is fully seeded.
         Starting Apply the settings specified in cloud-config...
[[0;32m  OK  [0m] Reached target Multi-User System.
[[0;32m  OK  [0m] Reached target Graphical Interface.
         Starting Update UTMP about System Runlevel Changes...
[[0;32m  OK  [0m] Started Update UTMP about System Runlevel Changes.
[   10.444114] cloud-init[1298]: Generating locales (this might take a while)...
[   11.420929] cloud-init[1298]:   en_US.UTF-8... done
[   11.428640] cloud-init[1298]: Generation complete.
[   11.813081] cloud-init[1298]: Cloud-init v. 21.1-19-gbad84ad4-0ubuntu1~16.04.2 running 'modules:config' at Tue, 18 Oct 2022 09:09:04 +0000. Up 10.31 seconds.
[[0;32m  OK  [0m] Started Apply the settings specified in cloud-config.
         Starting Execute cloud user/final scripts...
[[0;32m  OK  [0m] Created slice User Slice of vagrant.
         Starting User Manager for UID 1000...
[[0;32m  OK  [0m] Started Session 1 of user vagrant.
[[0;32m  OK  [0m] Started User Manager for UID 1000.
ci-info: no authorized SSH keys fingerprints found for user ubuntu.
<14>Oct 18 09:09:06 ec2: 
<14>Oct 18 09:09:06 ec2: #############################################################
<14>Oct 18 09:09:06 ec2: -----BEGIN SSH HOST KEY FINGERPRINTS-----
<14>Oct 18 09:09:06 ec2: 1024 SHA256:hJ8o1kNmKLMN2yllzvpZAgsNTQLLpeKLdHgbsZ9HXZg root@ubuntu-xenial (DSA)
<14>Oct 18 09:09:06 ec2: 256 SHA256:0qP98+K31WjxX5GN2cZmNTvmY12tae9ye1V+Fz/BQVY root@ubuntu-xenial (ECDSA)
<14>Oct 18 09:09:06 ec2: 256 SHA256:jX2b4C+QgjW2N1KHda/iK7lO3JmmGuw/irYz99AwFfo root@ubuntu-xenial (ED25519)
<14>Oct 18 09:09:06 ec2: 2048 SHA256:2ypAyA+SMjzAPVpkH5+MPfEMwdQbEGME7hDp8VuhjJA root@ubuntu-xenial (RSA)
<14>Oct 18 09:09:06 ec2: -----END SSH HOST KEY FINGERPRINTS-----
<14>Oct 18 09:09:06 ec2: #############################################################
-----BEGIN SSH HOST KEY KEYS-----
ecdsa-sha2-nistp256 AAAAE2VjZHNhLXNoYTItbmlzdHAyNTYAAAAIbmlzdHAyNTYAAABBBMlAZi0o/8wLtjKM46ydu8GcLIkkIjCBreQ9g6kcevnt1bdjpcqJhi5g3xuSCZGepNImdoNvIVtvi4zOmAqAQKg= root@ubuntu-xenial
ssh-ed25519 AAAAC3NzaC1lZDI1NTE5AAAAIM2z2Q7H5eM94G1wSD3/pb9uX5OCqz24kn76DY+IQU/0 root@ubuntu-xenial
ssh-rsa AAAAB3NzaC1yc2EAAAADAQABAAABAQCuRTPBY+42UlR85aIXhLZMbDLHvJw1ckDZDWlzBlcdd3NEaGXlR1it1t8rULQwu+NL9cpitK8idZv6TovV1E78Q2b2c2C6k+8zG0J/XdD/DKB2+C81v0C5rtbX3dfoEDhciUwIuhx0KRMzGZHxJkmmpGa95PufFmIvdFtADVH3TNDM9NIPdf+x5CMCA2jaVWJpsYW0abMYbqq26DZMy1ccv/rBf7N1Mzq9CvwW+uzilHbTbThycpuJb95W3lq98GnebbdeAOQQ5kTyJP2zxNN/jIyp9zeLoUMyIgNWFQPfwVgqJvSlCTK2+440xreXnJ79WGouPHGPsXBHyHM9NGdP root@ubuntu-xenial
-----END SSH HOST KEY KEYS-----
[   12.516742] cloud-init[1341]: Cloud-init v. 21.1-19-gbad84ad4-0ubuntu1~16.04.2 running 'modules:final' at Tue, 18 Oct 2022 09:09:06 +0000. Up 12.32 seconds.
[   12.524530] cloud-init[1341]: ci-info: no authorized SSH keys fingerprints found for user ubuntu.
[   12.525946] cloud-init[1341]: Cloud-init v. 21.1-19-gbad84ad4-0ubuntu1~16.04.2 finished at Tue, 18 Oct 2022 09:09:06 +0000. Datasource DataSourceNoCloud [seed=/dev/sdb][dsmode=net].  Up 12.50 seconds
[[0;32m  OK  [0m] Started Execute cloud user/final scripts.
[[0;32m  OK  [0m] Reached target Cloud-init target.

Ubuntu 16.04.7 LTS ubuntu-xenial ttyS0

ubuntu-xenial login: 